------------------------------------------------------------
TimeQuest Timing Analyzer Summary
------------------------------------------------------------

Type  : Slow 1100mV 85C Model Setup 'clk'
Slack : -5.016
TNS   : -74.553

Type  : Slow 1100mV 85C Model Setup 'clk_1s~reg0'
Slack : -4.497
TNS   : -40.120

Type  : Slow 1100mV 85C Model Hold 'clk'
Slack : 0.381
TNS   : 0.000

Type  : Slow 1100mV 85C Model Hold 'clk_1s~reg0'
Slack : 0.639
TNS   : 0.000

Type  : Slow 1100mV 85C Model Minimum Pulse Width 'clk'
Slack : -0.394
TNS   : -16.839

Type  : Slow 1100mV 85C Model Minimum Pulse Width 'clk_1s~reg0'
Slack : -0.394
TNS   : -5.923

Type  : Slow 1100mV 85C Model Minimum Pulse Width 'str'
Slack : -0.394
TNS   : -0.714

Type  : Slow 1100mV 0C Model Setup 'clk'
Slack : -5.096
TNS   : -73.399

Type  : Slow 1100mV 0C Model Setup 'clk_1s~reg0'
Slack : -4.356
TNS   : -38.043

Type  : Slow 1100mV 0C Model Hold 'clk'
Slack : 0.380
TNS   : 0.000

Type  : Slow 1100mV 0C Model Hold 'clk_1s~reg0'
Slack : 0.632
TNS   : 0.000

Type  : Slow 1100mV 0C Model Minimum Pulse Width 'clk'
Slack : -0.394
TNS   : -18.120

Type  : Slow 1100mV 0C Model Minimum Pulse Width 'clk_1s~reg0'
Slack : -0.394
TNS   : -5.720

Type  : Slow 1100mV 0C Model Minimum Pulse Width 'str'
Slack : -0.394
TNS   : -0.689

Type  : Fast 1100mV 85C Model Setup 'clk'
Slack : -3.352
TNS   : -31.523

Type  : Fast 1100mV 85C Model Setup 'clk_1s~reg0'
Slack : -2.807
TNS   : -24.567

Type  : Fast 1100mV 85C Model Hold 'clk'
Slack : 0.204
TNS   : 0.000

Type  : Fast 1100mV 85C Model Hold 'clk_1s~reg0'
Slack : 0.329
TNS   : 0.000

Type  : Fast 1100mV 85C Model Minimum Pulse Width 'clk'
Slack : -0.390
TNS   : -3.185

Type  : Fast 1100mV 85C Model Minimum Pulse Width 'str'
Slack : -0.385
TNS   : -0.447

Type  : Fast 1100mV 85C Model Minimum Pulse Width 'clk_1s~reg0'
Slack : -0.033
TNS   : -0.288

Type  : Fast 1100mV 0C Model Setup 'clk'
Slack : -2.808
TNS   : -27.103

Type  : Fast 1100mV 0C Model Setup 'clk_1s~reg0'
Slack : -2.718
TNS   : -23.587

Type  : Fast 1100mV 0C Model Hold 'clk'
Slack : 0.193
TNS   : 0.000

Type  : Fast 1100mV 0C Model Hold 'clk_1s~reg0'
Slack : 0.298
TNS   : 0.000

Type  : Fast 1100mV 0C Model Minimum Pulse Width 'str'
Slack : -0.405
TNS   : -0.474

Type  : Fast 1100mV 0C Model Minimum Pulse Width 'clk'
Slack : -0.399
TNS   : -3.135

Type  : Fast 1100mV 0C Model Minimum Pulse Width 'clk_1s~reg0'
Slack : 0.014
TNS   : 0.000

------------------------------------------------------------
